// Jest Snapshot v1, https://goo.gl/fbAQLP

exports[`<CardComponent /> should render correctly 1`] = `
<div
  className="mb-2 w-full bg-white hover:bg-gray-100 p-4 rounded shadow cursor-pointer"
>
  <div
    className="text-xs text-gray-400 flex items-center"
  >
    #
    7532
  </div>
  <div
    className="flex-1 text-sm"
  >
    Repudiandae accusantium et nihil aut in animi numquam quis laborum.
  </div>
  <div
    className="mt-2 flex items-baseline"
  >
    <FontAwesomeIcon
      border={false}
      className="mr-1"
      fixedWidth={false}
      flip={null}
      icon={
        Object {
          "icon": Array [
            448,
            512,
            Array [],
            "f007",
            "M224 256c70.7 0 128-57.3 128-128S294.7 0 224 0 96 57.3 96 128s57.3 128 128 128zm89.6 32h-16.7c-22.2 10.2-46.9 16-72.9 16s-50.6-5.8-72.9-16h-16.7C60.2 288 0 348.2 0 422.4V464c0 26.5 21.5 48 48 48h352c26.5 0 48-21.5 48-48v-41.6c0-74.2-60.2-134.4-134.4-134.4z",
          ],
          "iconName": "user",
          "prefix": "fas",
        }
      }
      inverse={false}
      listItem={false}
      mask={null}
      pull={null}
      pulse={false}
      rotation={null}
      size="xs"
      spin={false}
      swapOpacity={false}
      symbol={false}
      title=""
      transform={null}
    />
    <span
      className="align-baseline text-xs"
    >
      Jalen Rutherford
    </span>
  </div>
</div>
`;
