// Jest Snapshot v1, https://goo.gl/fbAQLP

exports[`<LaneComponent /> should render correctly 1`] = `
<Connect(Droppable)
  direction="vertical"
  droppableId="Accepted"
  getContainerForClone={[Function]}
  ignoreContainerClipping={false}
  isCombineEnabled={false}
  isDropDisabled={false}
  mode="standard"
  renderClone={null}
  type="DEFAULT"
>
  <Component />
</Connect(Droppable)>
`;
