// Jest Snapshot v1, https://goo.gl/fbAQLP

exports[`<BoardComponent /> should render correctly 1`] = `
<div
  className="w-full flex justify-between"
>
  <LaneComponent
    key="1"
    laneStatus={1}
    tickets={
      Array [
        Object {
          "createdAt": 2021-11-20T23:37:42.882Z,
          "description": "Cupiditate deleniti qui libero optio. Nulla qui qui cum mollitia quibusdam autem porro. Voluptate et sapiente ut laboriosam magni eos labore et. Consequatur corrupti consectetur labore expedita cum.",
          "id": 21072,
          "reporterEmail": "Chelsie.Gleichner@gmail.com",
          "reporterName": "Chelsie Gleichner",
          "status": 1,
          "title": "Sint nisi recusandae iste consequatur dolores saepe architecto quae omnis.",
          "updatedAt": 2021-08-06T10:18:10.868Z,
        },
        Object {
          "createdAt": 2022-03-28T12:39:54.315Z,
          "description": "Voluptatem ducimus eligendi ex animi impedit esse voluptates. Vel qui a ullam. Consequuntur vel iure deleniti unde eos. Praesentium dolorem qui laborum quae architecto pariatur qui possimus.",
          "id": 37468,
          "reporterEmail": "Jessy.Treutel6@gmail.com",
          "reporterName": "Jessy Treutel",
          "status": 1,
          "title": "Consectetur fugiat eum aut aperiam rerum sit aut expedita itaque.",
          "updatedAt": 2022-04-11T03:48:10.927Z,
        },
        Object {
          "createdAt": 2021-08-16T23:39:07.042Z,
          "description": "Recusandae sit iusto et omnis rerum. Et dolorem voluptas. Aut in ut mollitia accusamus enim ipsum. Reprehenderit perferendis doloribus id maxime occaecati eum dolores.",
          "id": 65591,
          "reporterEmail": "Stone_Pfeffer22@hotmail.com",
          "reporterName": "Stone Pfeffer",
          "status": 1,
          "title": "Iste distinctio consequatur vel blanditiis aut soluta qui sunt nihil.",
          "updatedAt": 2022-04-01T16:44:18.518Z,
        },
        Object {
          "createdAt": 2022-06-14T00:25:36.482Z,
          "description": "Est labore possimus. Et eum aut voluptatem velit accusamus omnis. Sint velit qui. Rerum voluptates ut aut.",
          "id": 61130,
          "reporterEmail": "Christina_Swift@gmail.com",
          "reporterName": "Christina Swift",
          "status": 1,
          "title": "Aut voluptas ea omnis voluptates saepe alias voluptates et veniam.",
          "updatedAt": 2022-04-06T12:30:14.905Z,
        },
        Object {
          "createdAt": 2022-02-19T10:33:19.195Z,
          "description": "Blanditiis est fugiat placeat. Nostrum voluptas consequuntur aliquam nesciunt. Vel animi labore. Hic ad repellat nihil enim.",
          "id": 61201,
          "reporterEmail": "Quinton50@yahoo.com",
          "reporterName": "Quinton Weimann",
          "status": 1,
          "title": "Qui necessitatibus hic sed doloribus consequatur soluta animi aperiam fugiat.",
          "updatedAt": 2022-04-02T14:56:41.542Z,
        },
        Object {
          "createdAt": 2022-02-21T05:48:31.898Z,
          "description": "Quis voluptatem harum beatae molestias voluptatem corporis corrupti laborum. Expedita reprehenderit possimus aliquid. Facilis eligendi modi ut hic. Sit aut vitae facere ipsum facere omnis tempore eum.",
          "id": 59355,
          "reporterEmail": "Candida_Collier@hotmail.com",
          "reporterName": "Candida Collier",
          "status": 1,
          "title": "Suscipit sapiente beatae aperiam iusto nisi sequi corrupti et rerum.",
          "updatedAt": 2021-06-29T19:11:36.175Z,
        },
        Object {
          "createdAt": 2022-05-02T00:56:03.577Z,
          "description": "Modi quasi sunt dolores cumque sit est aut. Aut sed magnam aliquid doloribus atque. Vel fugiat excepturi iusto eum autem et. Ratione suscipit inventore est soluta praesentium optio non.",
          "id": 51318,
          "reporterEmail": "Hildegard.Leuschke@hotmail.com",
          "reporterName": "Hildegard Leuschke",
          "status": 1,
          "title": "Ipsum consequatur eum laborum eos dolores reprehenderit dolorem dolor ut.",
          "updatedAt": 2021-07-30T10:38:24.920Z,
        },
        Object {
          "createdAt": 2021-11-04T04:18:08.082Z,
          "description": "Magni quis ratione sed. Nihil quae qui et laudantium sequi dolorum quia fugiat vel. Dignissimos et ex neque sed eius. Et quasi eveniet et harum quia.",
          "id": 18366,
          "reporterEmail": "Mallory_VonRueden@yahoo.com",
          "reporterName": "Mallory VonRueden",
          "status": 1,
          "title": "Eum quia provident enim id optio laborum doloremque corrupti doloribus.",
          "updatedAt": 2022-01-05T16:30:49.248Z,
        },
        Object {
          "createdAt": 2021-09-26T00:36:01.172Z,
          "description": "Aliquid aut facilis nisi est at aut. Voluptate in rem dolore. Reiciendis ea rerum aut nostrum ipsam dignissimos cumque quia nulla. Cumque maxime dolore quasi.",
          "id": 40017,
          "reporterEmail": "Darwin41@yahoo.com",
          "reporterName": "Darwin Kunde",
          "status": 1,
          "title": "Ducimus optio aut est quis officiis ut tempora quibusdam voluptatum.",
          "updatedAt": 2021-07-28T14:28:39.506Z,
        },
        Object {
          "createdAt": 2022-04-18T05:29:09.462Z,
          "description": "Pariatur in minus non doloremque omnis dolorum qui autem qui. Ut enim odio. Eum reprehenderit cupiditate. Ut dolor aspernatur reprehenderit ad dolore deleniti sapiente magni in.",
          "id": 42691,
          "reporterEmail": "Glenda_Beahan56@hotmail.com",
          "reporterName": "Glenda Beahan",
          "status": 1,
          "title": "Autem aspernatur similique quo qui explicabo repudiandae enim quis sed.",
          "updatedAt": 2022-02-24T19:24:20.922Z,
        },
        Object {
          "createdAt": 2022-05-12T20:41:35.151Z,
          "description": "Id non porro id quia vel distinctio qui cum deleniti. Sint magnam consectetur esse exercitationem exercitationem aspernatur qui. Odit beatae et voluptatem facilis officiis aut esse illum. Dicta nulla est quo dolores vel quo quis.",
          "id": 20579,
          "reporterEmail": "Kaleigh83@yahoo.com",
          "reporterName": "Kaleigh Graham",
          "status": 1,
          "title": "Iusto eum sunt veritatis quibusdam ipsam et quibusdam sequi sed.",
          "updatedAt": 2021-06-22T15:09:19.597Z,
        },
        Object {
          "createdAt": 2021-07-07T22:51:51.342Z,
          "description": "Facilis eligendi perferendis expedita natus ducimus qui. Eos et odit repudiandae est. Libero officiis consequatur qui dolorem velit ducimus et. Quas doloribus non provident veritatis eligendi dolor nostrum enim.",
          "id": 52972,
          "reporterEmail": "Wendy.Brown46@hotmail.com",
          "reporterName": "Wendy Brown",
          "status": 1,
          "title": "Qui ad quos culpa sit saepe rerum modi voluptates est.",
          "updatedAt": 2021-08-30T00:22:29.745Z,
        },
      ]
    }
  />
  <LaneComponent
    key="2"
    laneStatus={2}
    tickets={
      Array [
        Object {
          "createdAt": 2022-04-17T06:38:07.982Z,
          "description": "In ut facilis incidunt. Nostrum suscipit molestias labore ad. Unde sed sunt. Libero praesentium esse praesentium debitis expedita quia nulla.",
          "id": 7532,
          "reporterEmail": "Jalen.Rutherford20@yahoo.com",
          "reporterName": "Jalen Rutherford",
          "status": 2,
          "title": "Repudiandae accusantium et nihil aut in animi numquam quis laborum.",
          "updatedAt": 2022-03-17T09:28:51.855Z,
        },
        Object {
          "createdAt": 2022-02-02T18:19:01.448Z,
          "description": "Sint excepturi eligendi libero. Possimus adipisci libero alias eos omnis explicabo. Asperiores voluptate numquam. Blanditiis qui neque fugiat quia.",
          "id": 15107,
          "reporterEmail": "Sigmund_Borer@yahoo.com",
          "reporterName": "Sigmund Borer",
          "status": 2,
          "title": "Sed nam eos ducimus corrupti rerum aperiam placeat aut suscipit.",
          "updatedAt": 2021-08-14T17:32:41.607Z,
        },
        Object {
          "createdAt": 2021-08-17T05:10:29.770Z,
          "description": "Porro dignissimos quo aut fuga qui. Alias alias debitis suscipit sunt et iusto. Sit tempore velit repellat ut modi doloribus voluptatem. Impedit magnam nulla ipsa asperiores itaque non nesciunt praesentium sint.",
          "id": 53487,
          "reporterEmail": "Tyshawn.Fritsch@gmail.com",
          "reporterName": "Tyshawn Fritsch",
          "status": 2,
          "title": "Eum ex aperiam voluptatum et voluptate labore mollitia dolore eveniet.",
          "updatedAt": 2021-10-12T03:04:10.210Z,
        },
        Object {
          "createdAt": 2021-08-06T15:41:00.032Z,
          "description": "Officiis sit odit doloremque voluptas et quas tempore. Praesentium earum temporibus a quia at quam. Et est repellendus corporis expedita beatae excepturi. Autem eum laudantium qui iste perferendis consectetur facere in quis.",
          "id": 77393,
          "reporterEmail": "Clifton_Gaylord84@hotmail.com",
          "reporterName": "Clifton Gaylord",
          "status": 2,
          "title": "Et et velit excepturi officia aliquid aliquid velit neque sunt.",
          "updatedAt": 2021-12-23T12:03:46.619Z,
        },
        Object {
          "createdAt": 2022-04-29T10:50:32.122Z,
          "description": "Iure quas aut non adipisci quisquam. Officiis libero commodi. Minima eum est modi natus pariatur distinctio fuga minima. Rem nesciunt non ipsa.",
          "id": 97961,
          "reporterEmail": "Wellington.Bogisich14@hotmail.com",
          "reporterName": "Wellington Bogisich",
          "status": 2,
          "title": "Voluptates consectetur ut quo laborum et nihil doloremque non officiis.",
          "updatedAt": 2021-11-29T06:56:03.626Z,
        },
        Object {
          "createdAt": 2022-05-12T02:15:00.088Z,
          "description": "Et non aut reiciendis voluptas qui est. Ut reprehenderit deleniti nobis. Amet magnam eos veritatis eaque. Tempora aut rerum.",
          "id": 37004,
          "reporterEmail": "Eusebio_Carter0@gmail.com",
          "reporterName": "Eusebio Carter",
          "status": 2,
          "title": "Aut architecto numquam natus corrupti inventore repellat rerum architecto ut.",
          "updatedAt": 2021-12-15T05:54:39.144Z,
        },
        Object {
          "createdAt": 2022-01-05T02:56:21.991Z,
          "description": "Harum facilis et nihil error cum dolor. Voluptatem deleniti est quia saepe autem. Nostrum error quia neque dolore. Ad voluptatem et et ut ratione qui voluptatem quia vel.",
          "id": 36690,
          "reporterEmail": "Anna_Reichel@yahoo.com",
          "reporterName": "Anna Reichel",
          "status": 2,
          "title": "Eos ut laudantium omnis saepe illo veniam sed aut iste.",
          "updatedAt": 2022-05-08T00:19:54.130Z,
        },
        Object {
          "createdAt": 2022-03-08T16:25:27.250Z,
          "description": "Laboriosam deserunt quo laborum qui eum sunt eos iste. Repudiandae ut in aut cumque distinctio exercitationem aperiam. Et quo et omnis saepe est recusandae libero et porro. Repellat laudantium ipsa deserunt at libero perspiciatis dolor similique.",
          "id": 40872,
          "reporterEmail": "Ryan_Spencer@yahoo.com",
          "reporterName": "Ryan Spencer",
          "status": 2,
          "title": "Itaque ea beatae praesentium et soluta illum sint recusandae incidunt.",
          "updatedAt": 2021-06-26T01:05:24.788Z,
        },
        Object {
          "createdAt": 2022-01-16T21:57:24.475Z,
          "description": "Harum quaerat laudantium quod molestiae voluptatem quaerat sit porro. At optio aut delectus. Sed error vero sint omnis necessitatibus sapiente ullam. Necessitatibus architecto sint quam sed sed reprehenderit assumenda voluptates inventore.",
          "id": 34150,
          "reporterEmail": "Brigitte84@hotmail.com",
          "reporterName": "Brigitte Rowe",
          "status": 2,
          "title": "Fugit cupiditate adipisci numquam quo numquam aspernatur sed quia velit.",
          "updatedAt": 2022-04-06T19:04:20.683Z,
        },
        Object {
          "createdAt": 2021-12-14T03:08:19.957Z,
          "description": "Consequuntur quia sed. Odit dolores ea omnis amet corrupti. Est rem eos praesentium. Soluta voluptatem voluptas et sit consectetur.",
          "id": 15219,
          "reporterEmail": "Chris.Lang3@gmail.com",
          "reporterName": "Chris Lang",
          "status": 2,
          "title": "Repellendus quis voluptatem eos accusamus laudantium maxime reprehenderit quis ea.",
          "updatedAt": 2022-06-10T12:31:36.652Z,
        },
        Object {
          "createdAt": 2021-09-10T22:27:23.714Z,
          "description": "Ipsa pariatur quasi totam. Natus totam soluta excepturi amet consequatur. Et numquam ipsam. Beatae corrupti neque non deleniti qui earum.",
          "id": 34108,
          "reporterEmail": "Idell93@hotmail.com",
          "reporterName": "Idell Nader",
          "status": 2,
          "title": "Reiciendis saepe natus doloribus itaque sit et quos quas minus.",
          "updatedAt": 2022-01-01T03:33:59.519Z,
        },
        Object {
          "createdAt": 2022-06-17T05:21:21.803Z,
          "description": "Alias voluptatem soluta nobis quia possimus doloremque tenetur ex et. Quis quae aut fugit non iure sequi eum voluptatem. Vitae tempore fugiat aliquam excepturi ut nihil repellat. Sint ducimus fuga.",
          "id": 72821,
          "reporterEmail": "Theodore.Johnston@yahoo.com",
          "reporterName": "Theodore Johnston",
          "status": 2,
          "title": "Aut sunt a modi voluptatibus est est blanditiis rem non.",
          "updatedAt": 2021-12-19T12:26:03.260Z,
        },
        Object {
          "createdAt": 2022-03-21T13:25:43.379Z,
          "description": "Quo consequatur eius et cupiditate quidem. Cum exercitationem illum quia deserunt. Et totam est. Rerum ut ut nesciunt consequuntur consequatur quam animi et sapiente.",
          "id": 49477,
          "reporterEmail": "Caden_Brown@hotmail.com",
          "reporterName": "Caden Brown",
          "status": 2,
          "title": "Cupiditate ipsa eveniet consectetur saepe est non distinctio enim aspernatur.",
          "updatedAt": 2021-07-18T11:12:58.043Z,
        },
      ]
    }
  />
  <LaneComponent
    key="3"
    laneStatus={3}
    tickets={
      Array [
        Object {
          "createdAt": 2021-12-24T19:53:53.921Z,
          "description": "Unde impedit itaque placeat quas veniam quidem. Deserunt dolores impedit a unde officia et impedit blanditiis accusamus. Minus atque dolor qui sit iste facere incidunt suscipit qui. Natus fuga consequatur voluptate recusandae dolor placeat dolore sed et.",
          "id": 97705,
          "reporterEmail": "Johnny10@hotmail.com",
          "reporterName": "Johnny Schroeder",
          "status": 3,
          "title": "Excepturi rem omnis repudiandae odit quis nulla veritatis necessitatibus occaecati.",
          "updatedAt": 2022-01-08T05:42:15.361Z,
        },
        Object {
          "createdAt": 2022-04-29T04:28:33.183Z,
          "description": "Aliquam et atque quidem numquam cum eveniet. Repellendus sint amet laborum voluptate esse sint voluptatibus in quaerat. Et animi ut qui et voluptatem et voluptas deserunt. Non rem ut eius sit sequi earum.",
          "id": 53082,
          "reporterEmail": "Teagan_Luettgen94@hotmail.com",
          "reporterName": "Teagan Luettgen",
          "status": 3,
          "title": "Harum cupiditate hic magni dolor rerum porro aut qui maxime.",
          "updatedAt": 2022-01-02T04:17:58.993Z,
        },
        Object {
          "createdAt": 2022-01-01T00:04:46.147Z,
          "description": "Voluptatem error corporis quis illum sed. Perferendis tempora rerum saepe in et ea quo. Quia dolorum sapiente non consequatur eaque sed sint sapiente. Perferendis repellendus eveniet numquam quia totam dicta ea sunt exercitationem.",
          "id": 51210,
          "reporterEmail": "Clarissa_Ritchie14@hotmail.com",
          "reporterName": "Clarissa Ritchie",
          "status": 3,
          "title": "Vel est dolorem laboriosam facere dignissimos minima qui earum repellat.",
          "updatedAt": 2021-08-08T23:22:49.319Z,
        },
        Object {
          "createdAt": 2021-09-09T15:48:55.190Z,
          "description": "Voluptatem eaque voluptates est qui veritatis occaecati earum. Vero temporibus praesentium nulla quibusdam. Rem dignissimos tenetur eum aut corporis animi illo. Impedit deleniti voluptatibus.",
          "id": 25839,
          "reporterEmail": "Mittie.Gorczany@gmail.com",
          "reporterName": "Mittie Gorczany",
          "status": 3,
          "title": "Minima molestias est facilis non rerum fugiat dicta iusto voluptatum.",
          "updatedAt": 2021-10-22T21:33:41.512Z,
        },
        Object {
          "createdAt": 2021-10-26T14:19:10.666Z,
          "description": "Molestias maiores ducimus illo quia. Sint omnis debitis sunt facilis. Nihil aut eligendi quasi aspernatur harum delectus minus aspernatur. Quisquam magni qui et qui voluptate id aut adipisci accusantium.",
          "id": 83361,
          "reporterEmail": "Felipe_OKon@hotmail.com",
          "reporterName": "Felipe O'Kon",
          "status": 3,
          "title": "Minus repudiandae ab aut molestiae sit ut voluptatem tempore laudantium.",
          "updatedAt": 2021-12-02T04:32:17.476Z,
        },
        Object {
          "createdAt": 2022-05-20T21:26:50.392Z,
          "description": "Doloremque ipsum et iusto animi. Et similique sed perferendis optio qui quaerat alias velit. Magni quam non quisquam quam a. Ut aut sint nemo asperiores qui earum rem quaerat aliquid.",
          "id": 66498,
          "reporterEmail": "Derek.Emmerich29@hotmail.com",
          "reporterName": "Derek Emmerich",
          "status": 3,
          "title": "Possimus est molestiae ratione doloribus aut molestias nostrum et perferendis.",
          "updatedAt": 2021-08-23T03:26:57.895Z,
        },
        Object {
          "createdAt": 2022-04-07T15:08:13.467Z,
          "description": "Sint odio magnam accusamus in. Qui vero vel quo et. Ut enim nam rerum quod dignissimos voluptatem. Dolorem eum et sunt cum totam nesciunt omnis qui ea.",
          "id": 99032,
          "reporterEmail": "Hermina65@gmail.com",
          "reporterName": "Hermina Conn",
          "status": 3,
          "title": "Est enim est labore quo et et voluptatem autem qui.",
          "updatedAt": 2022-02-25T03:57:24.910Z,
        },
        Object {
          "createdAt": 2021-09-25T07:46:04.527Z,
          "description": "Ab dolorum maiores vel sed ipsa. Aperiam et voluptatem ducimus sed sequi fugiat quo. Et eius quis sequi. Eos deleniti facilis tempore aut.",
          "id": 91782,
          "reporterEmail": "Jeffery_Ankunding15@gmail.com",
          "reporterName": "Jeffery Ankunding",
          "status": 3,
          "title": "Porro et laboriosam excepturi illum minus omnis eos natus nam.",
          "updatedAt": 2021-11-04T01:30:04.166Z,
        },
        Object {
          "createdAt": 2022-04-30T19:04:30.343Z,
          "description": "Voluptas quo blanditiis numquam blanditiis. Pariatur necessitatibus atque nemo mollitia consequatur. Eum optio est qui beatae. Perspiciatis doloribus ratione omnis maxime.",
          "id": 28354,
          "reporterEmail": "Santa_Rowe@yahoo.com",
          "reporterName": "Santa Rowe",
          "status": 3,
          "title": "Explicabo eaque deserunt adipisci accusamus et eveniet libero est voluptatum.",
          "updatedAt": 2021-11-24T18:44:16.484Z,
        },
        Object {
          "createdAt": 2021-09-27T08:40:45.125Z,
          "description": "Itaque sed unde nulla dignissimos expedita molestiae. Et maxime voluptatem rem neque earum eos quia nemo. Explicabo commodi ut rem modi beatae doloremque. Laborum minus numquam nostrum possimus est assumenda natus.",
          "id": 39029,
          "reporterEmail": "Jaylon_Kris@hotmail.com",
          "reporterName": "Jaylon Kris",
          "status": 3,
          "title": "Occaecati quia inventore accusamus laudantium accusantium officia dolore asperiores sit.",
          "updatedAt": 2022-05-06T04:08:31.451Z,
        },
      ]
    }
  />
  <LaneComponent
    key="4"
    laneStatus={4}
    tickets={
      Array [
        Object {
          "createdAt": 2022-04-20T11:16:32.819Z,
          "description": "Vel ut nemo consectetur quod cum ipsum aspernatur voluptatem. Est sapiente repellendus sequi. Quibusdam quae ea veniam beatae in voluptate numquam quia sit. Eligendi nihil eius.",
          "id": 10205,
          "reporterEmail": "Dahlia.Tromp@yahoo.com",
          "reporterName": "Dahlia Tromp",
          "status": 4,
          "title": "Itaque minus consequatur est ducimus tenetur blanditiis enim molestiae provident.",
          "updatedAt": 2022-02-20T08:20:21.920Z,
        },
        Object {
          "createdAt": 2021-10-25T12:35:28.216Z,
          "description": "Nam ipsum est consequatur nostrum. Occaecati eaque voluptatem dolor corrupti. Quo fuga suscipit deserunt repellendus dignissimos hic ad. Iure error ut voluptatem dicta.",
          "id": 82227,
          "reporterEmail": "Violette_Conn@yahoo.com",
          "reporterName": "Violette Conn",
          "status": 4,
          "title": "Occaecati non ipsa ipsum ut inventore expedita blanditiis molestias enim.",
          "updatedAt": 2021-08-01T19:44:34.659Z,
        },
        Object {
          "createdAt": 2022-01-21T00:39:07.668Z,
          "description": "Accusantium reprehenderit qui alias beatae aut repellat magnam deleniti. Necessitatibus quia ut eveniet voluptas eius explicabo temporibus. Veniam dolores sunt ea incidunt ex incidunt assumenda alias dolorum. Aut mollitia culpa earum necessitatibus quibusdam voluptatem vero.",
          "id": 340,
          "reporterEmail": "Armani_Stracke57@gmail.com",
          "reporterName": "Armani Stracke",
          "status": 4,
          "title": "Necessitatibus vitae laudantium voluptatem saepe laborum animi consequatur voluptatum rem.",
          "updatedAt": 2021-12-27T08:44:01.133Z,
        },
        Object {
          "createdAt": 2021-10-27T12:53:26.821Z,
          "description": "Quia ut voluptatum magnam distinctio assumenda nemo debitis et. Ea eaque sint aut. Et et inventore aliquam fugiat aperiam perferendis architecto et. Eos veritatis quo dolores nulla commodi ipsam sit.",
          "id": 32681,
          "reporterEmail": "Candido_Dibbert@hotmail.com",
          "reporterName": "Candido Dibbert",
          "status": 4,
          "title": "Tempora fugiat nam doloribus sapiente enim voluptates eligendi et commodi.",
          "updatedAt": 2021-12-12T02:02:03.841Z,
        },
        Object {
          "createdAt": 2022-01-10T20:48:46.467Z,
          "description": "A a dolorem est possimus. Ut corporis nam in ut inventore eos odit. Voluptatem minus quasi eos corporis quibusdam vel. Eos sapiente sit ea non.",
          "id": 23578,
          "reporterEmail": "Mittie96@hotmail.com",
          "reporterName": "Mittie Rippin",
          "status": 4,
          "title": "Debitis voluptas tempora sed voluptatibus laudantium quos fugiat quod quia.",
          "updatedAt": 2021-07-04T03:32:44.042Z,
        },
        Object {
          "createdAt": 2021-06-19T16:12:58.858Z,
          "description": "Excepturi culpa et quae suscipit illum voluptatem qui. Nihil iusto aut vero dolor velit voluptatum tempora architecto. Eligendi labore qui quia et aut quia necessitatibus eaque. Vel odio omnis accusamus doloremque est.",
          "id": 2340,
          "reporterEmail": "Libbie_Renner@hotmail.com",
          "reporterName": "Libbie Renner",
          "status": 4,
          "title": "Ut soluta eos eos ut voluptatum ipsa asperiores incidunt quam.",
          "updatedAt": 2022-02-07T17:04:14.430Z,
        },
        Object {
          "createdAt": 2022-04-23T05:34:55.019Z,
          "description": "Nemo est quo labore ipsum. Quasi ipsum suscipit sit magni iusto dolor architecto. Quod voluptatem odit possimus quia voluptatem tenetur tempora quis. Expedita voluptatem occaecati dolore maiores sed ut nobis.",
          "id": 12416,
          "reporterEmail": "Casimer7@gmail.com",
          "reporterName": "Casimer Casper",
          "status": 4,
          "title": "Nostrum aperiam quasi ipsa quaerat deserunt dolor soluta sed quae.",
          "updatedAt": 2022-02-25T20:27:51.164Z,
        },
        Object {
          "createdAt": 2021-11-20T07:05:20.328Z,
          "description": "Ut aut aperiam rem veniam. Culpa minima totam sunt possimus soluta excepturi qui. Explicabo voluptas sit at enim animi et eum dignissimos ratione. Optio eligendi nostrum et provident corrupti magni aut id ducimus.",
          "id": 60978,
          "reporterEmail": "Leonie_OKeefe@gmail.com",
          "reporterName": "Leonie O'Keefe",
          "status": 4,
          "title": "Sit occaecati accusantium autem nobis ea ut quas aut deleniti.",
          "updatedAt": 2022-03-31T22:25:27.110Z,
        },
        Object {
          "createdAt": 2022-04-09T20:29:15.086Z,
          "description": "Veritatis maiores sint possimus error omnis sit et vero. Neque aut eos distinctio dignissimos qui tempore sit. Qui voluptate esse consequatur ab. Provident quo commodi nam.",
          "id": 48622,
          "reporterEmail": "Myron90@gmail.com",
          "reporterName": "Myron Terry",
          "status": 4,
          "title": "Ad quia tempora magni blanditiis quibusdam tempora voluptas voluptatem temporibus.",
          "updatedAt": 2021-10-14T03:55:00.811Z,
        },
        Object {
          "createdAt": 2022-03-12T10:31:41.355Z,
          "description": "Dignissimos sit ut culpa possimus non. Et voluptas est quibusdam quas numquam. Saepe est animi dolores maiores possimus. Aut optio qui cum explicabo rerum ut id.",
          "id": 32355,
          "reporterEmail": "Ethel.Rath86@gmail.com",
          "reporterName": "Ethel Rath",
          "status": 4,
          "title": "Suscipit accusamus similique sapiente quia occaecati maxime et id nam.",
          "updatedAt": 2021-06-27T18:02:46.722Z,
        },
        Object {
          "createdAt": 2021-07-27T08:52:18.083Z,
          "description": "In ut aut aut et voluptatem cum. Ea dolores impedit voluptatum autem. Sit et non numquam suscipit. Aut qui quidem velit.",
          "id": 74918,
          "reporterEmail": "Sherwood_Mertz@hotmail.com",
          "reporterName": "Sherwood Mertz",
          "status": 4,
          "title": "Necessitatibus vel qui autem aut corporis corporis dolorem aut unde.",
          "updatedAt": 2021-10-28T00:46:51.927Z,
        },
        Object {
          "createdAt": 2022-04-21T18:52:13.332Z,
          "description": "Commodi recusandae aut autem pariatur rerum ullam. Veniam incidunt expedita ab commodi atque quia asperiores rem. Qui provident molestiae ad placeat possimus maiores veritatis id. Fugiat et consequuntur.",
          "id": 15300,
          "reporterEmail": "Broderick68@yahoo.com",
          "reporterName": "Broderick Kulas",
          "status": 4,
          "title": "Magnam debitis vitae consequatur architecto doloremque veniam non omnis nemo.",
          "updatedAt": 2021-12-27T15:47:44.214Z,
        },
        Object {
          "createdAt": 2021-09-08T00:36:48.495Z,
          "description": "Alias doloremque exercitationem aut id. Eaque cupiditate reiciendis facilis adipisci distinctio libero. Iusto rem magnam eveniet. Iusto sed corrupti omnis voluptatem voluptate.",
          "id": 67765,
          "reporterEmail": "Elyse23@hotmail.com",
          "reporterName": "Elyse Crooks",
          "status": 4,
          "title": "Repellat libero sequi modi eos neque omnis iusto et eaque.",
          "updatedAt": 2021-11-27T12:58:04.807Z,
        },
        Object {
          "createdAt": 2022-03-14T10:24:49.350Z,
          "description": "Quia asperiores veniam quia voluptate error et et. Aut eveniet esse repellendus dolores quia. Et deleniti maxime aut quasi dolor. Omnis rerum vero saepe.",
          "id": 78654,
          "reporterEmail": "Salvatore_McKenzie91@yahoo.com",
          "reporterName": "Salvatore McKenzie",
          "status": 4,
          "title": "Aut inventore beatae blanditiis laudantium magni perspiciatis eos voluptas reprehenderit.",
          "updatedAt": 2022-01-26T00:39:24.690Z,
        },
        Object {
          "createdAt": 2021-10-06T01:36:25.845Z,
          "description": "Est cum dolor molestiae. Illum neque et aut veritatis perferendis minus voluptas et eum. Dolores dignissimos qui in. Atque sit laborum distinctio occaecati recusandae voluptatem accusantium.",
          "id": 53162,
          "reporterEmail": "Monroe.Rogahn65@hotmail.com",
          "reporterName": "Monroe Rogahn",
          "status": 4,
          "title": "Impedit labore est nemo et explicabo pariatur quas itaque excepturi.",
          "updatedAt": 2021-09-30T02:42:24.126Z,
        },
      ]
    }
  />
</div>
`;
